// Jest Snapshot v1, https://goo.gl/fbAQLP

exports[`screen: Blocks matches snapshot 1`] = `
<div
  className="makeStyles-root"
  id="Layout"
  navTitle="blocks:blocks"
>
  <div
    exists={true}
    id="LoadAndExist"
    loading={false}
  >
    <h1
      className="MuiTypography-root MuiTypography-h1"
    >
      blocks:blocks
    </h1>
    <div
      className="makeStyles-box scrollbar"
      id="Box"
    />
  </div>
</div>
`;
