// Jest Snapshot v1, https://goo.gl/fbAQLP

exports[`screen: Nav/TitleBar hook toggles correctly 1`] = `
<div
  className="makeStyles-root"
>
  <div
    className="makeStyles-content"
  >
    <div
      className="makeStyles-item"
    >
      <p
        className="MuiTypography-root label MuiTypography-body1"
      >
        common:marketCap
      </p>
      <p
        className="MuiTypography-root data MuiTypography-body1"
      >
        $0
      </p>
    </div>
    <div
      className="makeStyles-item"
    >
      <p
        className="MuiTypography-root label MuiTypography-body1"
      >
        common:inflation
      </p>
      <p
        className="MuiTypography-root data MuiTypography-body1"
      >
        0%
      </p>
    </div>
    <div
      className="makeStyles-item"
    >
      <p
        className="MuiTypography-root label MuiTypography-body1"
      >
        common:apr
      </p>
      <p
        className="MuiTypography-root data MuiTypography-body1"
      >
        0%
      </p>
    </div>
    <div
      className="makeStyles-item"
    >
      <p
        className="MuiTypography-root label MuiTypography-body1"
      >
        common:supply
      </p>
      <p
        className="MuiTypography-root data MuiTypography-body1"
      >
        0 
      </p>
    </div>
    <div
      className="makeStyles-item"
    >
      <p
        className="MuiTypography-root label MuiTypography-body1"
      >
        common:communityPool
      </p>
      <p
        className="MuiTypography-root data MuiTypography-body1"
      >
        0 
      </p>
    </div>
  </div>
</div>
`;

exports[`screen: Nav/TitleBar it renders 1`] = `
<div
  className="makeStyles-root"
>
  <div
    className="makeStyles-content"
  >
    <div
      className="makeStyles-item"
    >
      <p
        className="MuiTypography-root label MuiTypography-body1"
      >
        common:marketCap
      </p>
      <p
        className="MuiTypography-root data MuiTypography-body1"
      >
        $0
      </p>
    </div>
    <div
      className="makeStyles-item"
    >
      <p
        className="MuiTypography-root label MuiTypography-body1"
      >
        common:inflation
      </p>
      <p
        className="MuiTypography-root data MuiTypography-body1"
      >
        0%
      </p>
    </div>
    <div
      className="makeStyles-item"
    >
      <p
        className="MuiTypography-root label MuiTypography-body1"
      >
        common:apr
      </p>
      <p
        className="MuiTypography-root data MuiTypography-body1"
      >
        0%
      </p>
    </div>
    <div
      className="makeStyles-item"
    >
      <p
        className="MuiTypography-root label MuiTypography-body1"
      >
        common:supply
      </p>
      <p
        className="MuiTypography-root data MuiTypography-body1"
      >
        0 
      </p>
    </div>
    <div
      className="makeStyles-item"
    >
      <p
        className="MuiTypography-root label MuiTypography-body1"
      >
        common:communityPool
      </p>
      <p
        className="MuiTypography-root data MuiTypography-body1"
      >
        0 
      </p>
    </div>
  </div>
</div>
`;
