// Jest Snapshot v1, https://goo.gl/fbAQLP

exports[`screen: Validators matches snapshot 1`] = `
<div
  className="makeStyles-root"
  id="Layout"
  navTitle="validators:validators"
>
  <h1
    className="MuiTypography-root MuiTypography-h1"
  >
    validators:validators
  </h1>
  <div
    id="List"
  />
</div>
`;
